// Jest Snapshot v1, https://goo.gl/fbAQLP

exports[`render feedback list component 1`] = `
<DocumentFragment>
  <div
    class="container "
  >
    <ul
      class="list"
    >
      <li
        class="item"
      >
        <p
          class="name"
        >
          Alex
        </p>
        <div
          class="wrapper"
        >
          <div
            class="ratingWrapper"
          >
            <div
              class="starsWrapper"
            >
              <svg
                class="icon"
                fill="none"
              >
                star.svg
              </svg>
              <svg
                class="icon"
                fill="none"
              >
                star.svg
              </svg>
              <svg
                class="icon"
                fill="none"
              >
                star.svg
              </svg>
              <svg
                class="icon"
                fill="none"
              >
                star.svg
              </svg>
              <svg
                class="icon"
                fill="none"
              >
                star.svg
              </svg>
            </div>
            <div
              class="starsActiveWrapper"
              style="width: 100%;"
            >
              <div
                style="display: flex;"
              >
                <svg
                  class="activeIcon"
                  fill="orange"
                >
                  star.svg
                </svg>
                <svg
                  class="activeIcon"
                  fill="orange"
                >
                  star.svg
                </svg>
                <svg
                  class="activeIcon"
                  fill="orange"
                >
                  star.svg
                </svg>
                <svg
                  class="activeIcon"
                  fill="orange"
                >
                  star.svg
                </svg>
                <svg
                  class="activeIcon"
                  fill="orange"
                >
                  star.svg
                </svg>
              </div>
            </div>
          </div>
          <p>
            5
          </p>
        </div>
        <p
          class="text"
        >
          The best furniture I have seen! Thank you for yor service. The furniture has excellent quality. !!!!!!!!!!!!!!!!!!!!!!!!!!!
        </p>
      </li>
      <li
        class="item"
      >
        <p
          class="name"
        >
          Alex
        </p>
        <div
          class="wrapper"
        >
          <div
            class="ratingWrapper"
          >
            <div
              class="starsWrapper"
            >
              <svg
                class="icon"
                fill="none"
              >
                star.svg
              </svg>
              <svg
                class="icon"
                fill="none"
              >
                star.svg
              </svg>
              <svg
                class="icon"
                fill="none"
              >
                star.svg
              </svg>
              <svg
                class="icon"
                fill="none"
              >
                star.svg
              </svg>
              <svg
                class="icon"
                fill="none"
              >
                star.svg
              </svg>
            </div>
            <div
              class="starsActiveWrapper"
              style="width: 70%;"
            >
              <div
                style="display: flex;"
              >
                <svg
                  class="activeIcon"
                  fill="orange"
                >
                  star.svg
                </svg>
                <svg
                  class="activeIcon"
                  fill="orange"
                >
                  star.svg
                </svg>
                <svg
                  class="activeIcon"
                  fill="orange"
                >
                  star.svg
                </svg>
                <svg
                  class="activeIcon"
                  fill="orange"
                >
                  star.svg
                </svg>
                <svg
                  class="activeIcon"
                  fill="orange"
                >
                  star.svg
                </svg>
              </div>
            </div>
          </div>
          <p>
            3.5
          </p>
        </div>
        <p
          class="text"
        >
          The best furniture I have seen! Thank you for yor service. The furniture has excellent quality. !!!!!!!!!!!!!!!!!!!!!!!!!!!
        </p>
      </li>
      <li
        class="item"
      >
        <p
          class="name"
        >
          Alex
        </p>
        <div
          class="wrapper"
        >
          <div
            class="ratingWrapper"
          >
            <div
              class="starsWrapper"
            >
              <svg
                class="icon"
                fill="none"
              >
                star.svg
              </svg>
              <svg
                class="icon"
                fill="none"
              >
                star.svg
              </svg>
              <svg
                class="icon"
                fill="none"
              >
                star.svg
              </svg>
              <svg
                class="icon"
                fill="none"
              >
                star.svg
              </svg>
              <svg
                class="icon"
                fill="none"
              >
                star.svg
              </svg>
            </div>
            <div
              class="starsActiveWrapper"
              style="width: 90%;"
            >
              <div
                style="display: flex;"
              >
                <svg
                  class="activeIcon"
                  fill="orange"
                >
                  star.svg
                </svg>
                <svg
                  class="activeIcon"
                  fill="orange"
                >
                  star.svg
                </svg>
                <svg
                  class="activeIcon"
                  fill="orange"
                >
                  star.svg
                </svg>
                <svg
                  class="activeIcon"
                  fill="orange"
                >
                  star.svg
                </svg>
                <svg
                  class="activeIcon"
                  fill="orange"
                >
                  star.svg
                </svg>
              </div>
            </div>
          </div>
          <p>
            4.5
          </p>
        </div>
        <p
          class="text"
        >
          The best furniture I have seen! Thank you for yor service. The furniture has excellent quality. !!!!!!!!!!!!!!!!!!!!!!!!!!!
        </p>
      </li>
    </ul>
  </div>
</DocumentFragment>
`;
