// Jest Snapshot v1, https://goo.gl/fbAQLP

exports[`renders NavListItem component 1`] = `[Function]`;
