// Jest Snapshot v1, https://goo.gl/fbAQLP

exports[`<Logo/> spec logo renders with correct text 1`] = `
<DocumentFragment>
  <a
    class="logo"
    href="http://localhost:3000/"
  >
    DudeShape
  </a>
</DocumentFragment>
`;

exports[`<Logo/> spec renders link 1`] = `
<DocumentFragment>
  <a
    class="logo"
    href="http://localhost:3000/"
  >
    DudeShape
  </a>
</DocumentFragment>
`;
