// Jest Snapshot v1, https://goo.gl/fbAQLP

exports[`render feature item component 1`] = `
<DocumentFragment>
  <li
    class="listItem"
  >
    <div
      class="thumb"
    >
      <img
        alt="Best Quality"
        sizes="(min-width: 1205px) 50px, (max-width: 1204px) 28px, 28px)"
        src="http://localhost:8080/images/features/mobileQuality.png"
        srcset="http://localhost:8080/images/features/mobileQuality.png 28w, http://localhost:8080/images/features/quality.png 50w"
        title="Best Quality"
      />
    </div>
    <div>
      <h6
        class="title"
      >
        Best Quality
      </h6>
      <p
        class="text"
      >
        All of our furniture uses the best materials and choices
      </p>
    </div>
  </li>
</DocumentFragment>
`;
